// Jest Snapshot v1, https://goo.gl/fbAQLP

exports[`<Main /> should render the heading 1`] = `
.c0 {
  background-color: #06092b;
  color: #fff;
  width: 100%;
  height: 100%;
  padding: 3rem;
  display: -webkit-box;
  display: -webkit-flex;
  display: -ms-flexbox;
  display: flex;
  -webkit-flex-direction: column;
  -ms-flex-direction: column;
  flex-direction: column;
  text-align: center;
  -webkit-align-items: center;
  -webkit-box-align: center;
  -ms-flex-align: center;
  align-items: center;
  -webkit-box-pack: center;
  -webkit-justify-content: center;
  -ms-flex-pack: center;
  justify-content: center;
}

.c1 {
  width: 25rem;
  margin-bottom: 2rem;
}

.c2 {
  font-size: 2.5rem;
}

.c3 {
  font-size: 2rem;
  font-weight: 400;
}

.c4 {
  margin: 3rem;
  width: -webkit-min-content(30rem,100%);
  width: -moz-min-content(30rem,100%);
  width: min-content(30rem,100%);
}

<main
  class="c0"
>
  <img
    alt="Imagem de um atomo"
    class="c1"
    src="https://upload.wikimedia.org/wikipedia/commons/thumb/a/a7/React-icon.svg/1280px-React-icon.svg.png"
  />
  <h1
    class="c2"
  >
    React Avancado
  </h1>
  <h2
    class="c3"
  >
    TypeScript, ReactJS, NextJS e Styled Components
  </h2>
  <img
    alt="Um desenvolvedor programando"
    class="c4"
    src="https://cdni.iconscout.com/illustration/premium/thumb/developer-2143200-1801815.png"
  />
</main>
`;
